interactions:
- request:
    body: null
    headers:
      Accept:
      - application/json
      If-Match:
      - '*'
      User-Agent:
      - OpenAPI-Generator/v1/python
    method: GET
    uri: https://api.partner.microsoft.com/v1.0/ingestion/products?%24filter=externalIDs%2FAny%28i%3Ai%2Ftype+eq+%27AzureOfferId%27+and+i%2Fvalue+eq+%27clitest000004%27%29
  response:
    body:
      string: '{"value":[{"resourceType":"AzureContainer","name":"clitest000004 Alias","externalIDs":[{"type":"AzureOfferId","value":"clitest000004"}],"isModularPublishing":true,"id":"3e91a4e5-9871-44e5-adf6-95f1527fac9f"}]}'
    headers:
      content-type:
      - application/json; charset=utf-8
      date:
      - Wed, 07 Dec 2022 17:45:07 GMT
      request-id:
      - 46a3c02a-cd29-47db-9690-af647e893c9c
      transfer-encoding:
      - chunked
    status:
      code: 200
      message: OK
- request:
    body: null
    headers:
      Accept:
      - application/json
      If-Match:
      - '*'
      User-Agent:
      - OpenAPI-Generator/v1/python
    method: GET
    uri: https://api.partner.microsoft.com/v1.0/ingestion/products/3e91a4e5-9871-44e5-adf6-95f1527fac9f/branches/getByModule(module=Listing)
  response:
    body:
      string: '{"value":[{"resourceType":"Branch","friendlyName":"Main","type":"Main","module":"Listing","currentDraftInstanceID":"66cf6840-7163-1ac6-6910-6cfff87f7428"}]}'
    headers:
      content-type:
      - application/json; charset=utf-8
      date:
      - Wed, 07 Dec 2022 17:45:07 GMT
      request-id:
      - 5440c4a5-a817-4084-b07d-524586593855
      transfer-encoding:
      - chunked
    status:
      code: 200
      message: OK
- request:
    body: null
    headers:
      Accept:
      - application/json
      If-Match:
      - '*'
      User-Agent:
      - OpenAPI-Generator/v1/python
    method: GET
    uri: https://api.partner.microsoft.com/v1.0/ingestion/products/3e91a4e5-9871-44e5-adf6-95f1527fac9f/listings/getByInstanceID(instanceID=66cf6840-7163-1ac6-6910-6cfff87f7428)
  response:
    body:
      string: '{"value":[{"resourceType":"AzureListing","listingUris":[],"listingContacts":[],"gettingStartedInstructions":"","languageCode":"en-us","title":"clitest000004
        Alias","keywords":[],"@odata.etag":"\"ab117a1e-0000-0800-0000-6390d11f0000\"","id":"8fc251fb-8ce3-0c66-09c4-8edc5c4ecc32"}]}'
    headers:
      content-type:
      - application/json; charset=utf-8
      date:
      - Wed, 07 Dec 2022 17:45:08 GMT
      request-id:
      - cc53670c-0faa-41c5-9d0a-89b18dcac079
      transfer-encoding:
      - chunked
    status:
      code: 200
      message: OK
- request:
    body: null
    headers:
      Accept:
      - application/json
      If-Match:
      - '*'
      User-Agent:
      - OpenAPI-Generator/v1/python
    method: GET
    uri: https://api.partner.microsoft.com/v1.0/ingestion/products?%24filter=externalIDs%2FAny%28i%3Ai%2Ftype+eq+%27AzureOfferId%27+and+i%2Fvalue+eq+%27clitest000004%27%29
  response:
    body:
      string: '{"value":[{"resourceType":"AzureContainer","name":"clitest000004 Alias","externalIDs":[{"type":"AzureOfferId","value":"clitest000004"}],"isModularPublishing":true,"id":"3e91a4e5-9871-44e5-adf6-95f1527fac9f"}]}'
    headers:
      content-type:
      - application/json; charset=utf-8
      date:
      - Wed, 07 Dec 2022 17:45:08 GMT
      request-id:
      - 2b7e311c-bcd7-4462-b643-8a5c81a056d8
      transfer-encoding:
      - chunked
    status:
      code: 200
      message: OK
- request:
    body: null
    headers:
      Accept:
      - application/json
      If-Match:
      - '*'
      User-Agent:
      - OpenAPI-Generator/v1/python
    method: GET
    uri: https://api.partner.microsoft.com/v1.0/ingestion/products/3e91a4e5-9871-44e5-adf6-95f1527fac9f/branches/getByModule(module=Listing)
  response:
    body:
      string: '{"value":[{"resourceType":"Branch","friendlyName":"Main","type":"Main","module":"Listing","currentDraftInstanceID":"66cf6840-7163-1ac6-6910-6cfff87f7428"}]}'
    headers:
      content-type:
      - application/json; charset=utf-8
      date:
      - Wed, 07 Dec 2022 17:45:09 GMT
      request-id:
      - 5765d4fc-bf4a-43fe-8fa7-61f43d31c701
      transfer-encoding:
      - chunked
    status:
      code: 200
      message: OK
- request:
    body: null
    headers:
      Accept:
      - application/json
      If-Match:
      - '*'
      User-Agent:
      - OpenAPI-Generator/v1/python
    method: GET
    uri: https://api.partner.microsoft.com/v1.0/ingestion/products/3e91a4e5-9871-44e5-adf6-95f1527fac9f/listings/getByInstanceID(instanceID=66cf6840-7163-1ac6-6910-6cfff87f7428)
  response:
    body:
      string: '{"value":[{"resourceType":"AzureListing","listingUris":[],"listingContacts":[],"gettingStartedInstructions":"","languageCode":"en-us","title":"clitest000004
        Alias","keywords":[],"@odata.etag":"\"ab117a1e-0000-0800-0000-6390d11f0000\"","id":"8fc251fb-8ce3-0c66-09c4-8edc5c4ecc32"}]}'
    headers:
      content-type:
      - application/json; charset=utf-8
      date:
      - Wed, 07 Dec 2022 17:45:09 GMT
      request-id:
      - ac380896-55e4-4db4-bbca-988efbd6cfdd
      transfer-encoding:
      - chunked
    status:
      code: 200
      message: OK
- request:
    body: null
    headers:
      Accept:
      - application/json
      If-Match:
      - '*'
      User-Agent:
      - OpenAPI-Generator/v1/python
    method: GET
    uri: https://api.partner.microsoft.com/v1.0/ingestion/products?%24filter=externalIDs%2FAny%28i%3Ai%2Ftype+eq+%27AzureOfferId%27+and+i%2Fvalue+eq+%27clitest000004%27%29
  response:
    body:
      string: '{"value":[{"resourceType":"AzureContainer","name":"clitest000004 Alias","externalIDs":[{"type":"AzureOfferId","value":"clitest000004"}],"isModularPublishing":true,"id":"3e91a4e5-9871-44e5-adf6-95f1527fac9f"}]}'
    headers:
      content-type:
      - application/json; charset=utf-8
      date:
      - Wed, 07 Dec 2022 17:45:10 GMT
      request-id:
      - 9660fa3a-c267-4b03-8e7d-b125aa2df2e8
      transfer-encoding:
      - chunked
    status:
      code: 200
      message: OK
- request:
    body: null
    headers:
      Accept:
      - application/json
      If-Match:
      - '*'
      User-Agent:
      - OpenAPI-Generator/v1/python
    method: GET
    uri: https://api.partner.microsoft.com/v1.0/ingestion/products?%24filter=externalIDs%2FAny%28i%3Ai%2Ftype+eq+%27AzureOfferId%27+and+i%2Fvalue+eq+%27clitest000004%27%29
  response:
    body:
      string: '{"value":[{"resourceType":"AzureContainer","name":"clitest000004 Alias","externalIDs":[{"type":"AzureOfferId","value":"clitest000004"}],"isModularPublishing":true,"id":"3e91a4e5-9871-44e5-adf6-95f1527fac9f"}]}'
    headers:
      content-type:
      - application/json; charset=utf-8
      date:
      - Wed, 07 Dec 2022 17:45:10 GMT
      request-id:
      - d3be534b-78af-4355-bea6-dfa50bb15896
      transfer-encoding:
      - chunked
    status:
      code: 200
      message: OK
- request:
    body: null
    headers:
      Accept:
      - application/json
      If-Match:
      - '*'
      User-Agent:
      - OpenAPI-Generator/v1/python
    method: GET
    uri: https://api.partner.microsoft.com/v1.0/ingestion/products/3e91a4e5-9871-44e5-adf6-95f1527fac9f/branches/getByModule(module=Listing)
  response:
    body:
      string: '{"value":[{"resourceType":"Branch","friendlyName":"Main","type":"Main","module":"Listing","currentDraftInstanceID":"66cf6840-7163-1ac6-6910-6cfff87f7428"}]}'
    headers:
      content-type:
      - application/json; charset=utf-8
      date:
      - Wed, 07 Dec 2022 17:45:11 GMT
      request-id:
      - 941298c9-265e-46c1-b58a-c5be1023066c
      transfer-encoding:
      - chunked
    status:
      code: 200
      message: OK
- request:
    body: null
    headers:
      Accept:
      - application/json
      If-Match:
      - '*'
      User-Agent:
      - OpenAPI-Generator/v1/python
    method: GET
    uri: https://api.partner.microsoft.com/v1.0/ingestion/products/3e91a4e5-9871-44e5-adf6-95f1527fac9f/listings/getByInstanceID(instanceID=66cf6840-7163-1ac6-6910-6cfff87f7428)
  response:
    body:
      string: '{"value":[{"resourceType":"AzureListing","listingUris":[],"listingContacts":[],"gettingStartedInstructions":"","languageCode":"en-us","title":"clitest000004
        Alias","keywords":[],"@odata.etag":"\"ab117a1e-0000-0800-0000-6390d11f0000\"","id":"8fc251fb-8ce3-0c66-09c4-8edc5c4ecc32"}]}'
    headers:
      content-type:
      - application/json; charset=utf-8
      date:
      - Wed, 07 Dec 2022 17:45:11 GMT
      request-id:
      - b133f90b-2c7e-44bb-98c8-49d19ef68336
      transfer-encoding:
      - chunked
    status:
      code: 200
      message: OK
- request:
    body: '{"resourceType": "AzureListing", "description": "desc-000003", "title":
      "clitest000004 Alias", "summary": "summary-000001", "shortDescription": "short-desc-000002",
      "@odata.etag": "\"ab117a1e-0000-0800-0000-6390d11f0000\"", "listingUris": [],
      "listingContacts": []}'
    headers:
      Accept:
      - application/json
      Content-Type:
      - application/json
      If-Match:
      - '*'
      User-Agent:
      - OpenAPI-Generator/v1/python
    method: PUT
    uri: https://api.partner.microsoft.com/v1.0/ingestion/products/3e91a4e5-9871-44e5-adf6-95f1527fac9f/listings/8fc251fb-8ce3-0c66-09c4-8edc5c4ecc32
  response:
    body:
      string: '{"resourceType":"AzureListing","summary":"summary-000001","listingUris":[],"listingContacts":[],"languageCode":"en-us","title":"clitest000004
        Alias","description":"desc-000003","shortDescription":"short-desc-000002","@odata.etag":"\"ab11dd23-0000-0800-0000-6390d1280000\"","id":"8fc251fb-8ce3-0c66-09c4-8edc5c4ecc32"}'
    headers:
      content-type:
      - application/json; charset=utf-8
      date:
      - Wed, 07 Dec 2022 17:45:12 GMT
      etag:
      - '"ab11dd23-0000-0800-0000-6390d1280000"'
      request-id:
      - 0d02ffa7-b528-4984-a09a-11c0069c3eb2
      transfer-encoding:
      - chunked
    status:
      code: 200
      message: OK
- request:
    body: null
    headers:
      Accept:
      - application/json
      If-Match:
      - '*'
      User-Agent:
      - OpenAPI-Generator/v1/python
    method: GET
    uri: https://api.partner.microsoft.com/v1.0/ingestion/products?%24filter=externalIDs%2FAny%28i%3Ai%2Ftype+eq+%27AzureOfferId%27+and+i%2Fvalue+eq+%27clitest000004%27%29
  response:
    body:
      string: '{"value":[{"resourceType":"AzureContainer","name":"clitest000004 Alias","externalIDs":[{"type":"AzureOfferId","value":"clitest000004"}],"isModularPublishing":true,"id":"3e91a4e5-9871-44e5-adf6-95f1527fac9f"}]}'
    headers:
      content-type:
      - application/json; charset=utf-8
      date:
      - Wed, 07 Dec 2022 17:45:18 GMT
      request-id:
      - fcf1e099-adcd-4f7b-9c2f-1f2d9b030a7f
      transfer-encoding:
      - chunked
    status:
      code: 200
      message: OK
- request:
    body: null
    headers:
      Accept:
      - application/json
      If-Match:
      - '*'
      User-Agent:
      - OpenAPI-Generator/v1/python
    method: GET
    uri: https://api.partner.microsoft.com/v1.0/ingestion/products/3e91a4e5-9871-44e5-adf6-95f1527fac9f/branches/getByModule(module=Listing)
  response:
    body:
      string: '{"value":[{"resourceType":"Branch","friendlyName":"Main","type":"Main","module":"Listing","currentDraftInstanceID":"66cf6840-7163-1ac6-6910-6cfff87f7428"}]}'
    headers:
      content-type:
      - application/json; charset=utf-8
      date:
      - Wed, 07 Dec 2022 17:45:18 GMT
      request-id:
      - 9d552fa8-5157-4210-bdc9-e534f2908edb
      transfer-encoding:
      - chunked
    status:
      code: 200
      message: OK
- request:
    body: null
    headers:
      Accept:
      - application/json
      If-Match:
      - '*'
      User-Agent:
      - OpenAPI-Generator/v1/python
    method: GET
    uri: https://api.partner.microsoft.com/v1.0/ingestion/products/3e91a4e5-9871-44e5-adf6-95f1527fac9f/listings/getByInstanceID(instanceID=66cf6840-7163-1ac6-6910-6cfff87f7428)
  response:
    body:
      string: '{"value":[{"resourceType":"AzureListing","summary":"summary-000001","listingUris":[],"listingContacts":[],"languageCode":"en-us","title":"clitest000004
        Alias","description":"desc-000003","shortDescription":"short-desc-000002","@odata.etag":"\"ab11dd23-0000-0800-0000-6390d1280000\"","id":"8fc251fb-8ce3-0c66-09c4-8edc5c4ecc32"}]}'
    headers:
      content-type:
      - application/json; charset=utf-8
      date:
      - Wed, 07 Dec 2022 17:45:18 GMT
      request-id:
      - dda6edbd-e47d-427b-bc57-98b3ae483d2b
      transfer-encoding:
      - chunked
    status:
      code: 200
      message: OK
version: 1
