interactions:
- request:
    body: null
    headers:
      Accept:
      - application/json
      If-Match:
      - '*'
      User-Agent:
      - OpenAPI-Generator/v1/python
    method: GET
    uri: https://api.partner.microsoft.com/v1.0/ingestion/products?%24filter=externalIDs%2FAny%28i%3Ai%2Ftype+eq+%27AzureOfferId%27+and+i%2Fvalue+eq+%27clitest000002%27%29
  response:
    body:
      string: '{"value":[{"resourceType":"AzureContainer","name":"clitest000002 Alias","externalIDs":[{"type":"AzureOfferId","value":"clitest000002"}],"isModularPublishing":true,"id":"f9bd974b-2f5e-4ec0-8047-d300ec31c938"}]}'
    headers:
      content-type:
      - application/json; charset=utf-8
      date:
      - Mon, 05 Dec 2022 21:08:37 GMT
      request-id:
      - 2d5a2729-8e73-4f1c-a422-269c37e37c39
      transfer-encoding:
      - chunked
    status:
      code: 200
      message: OK
- request:
    body: null
    headers:
      Accept:
      - application/json
      If-Match:
      - '*'
      User-Agent:
      - OpenAPI-Generator/v1/python
    method: GET
    uri: https://api.partner.microsoft.com/v1.0/ingestion/products/f9bd974b-2f5e-4ec0-8047-d300ec31c938/branches/getByModule(module=Listing)
  response:
    body:
      string: '{"value":[{"resourceType":"Branch","friendlyName":"Main","type":"Main","module":"Listing","currentDraftInstanceID":"f51f7fd3-fad0-f11d-5a01-57d339bfac1e"}]}'
    headers:
      content-type:
      - application/json; charset=utf-8
      date:
      - Mon, 05 Dec 2022 21:08:37 GMT
      request-id:
      - b09d6d41-5ffd-484d-9cb8-5e0716b9751d
      transfer-encoding:
      - chunked
    status:
      code: 200
      message: OK
- request:
    body: null
    headers:
      Accept:
      - application/json
      If-Match:
      - '*'
      User-Agent:
      - OpenAPI-Generator/v1/python
    method: GET
    uri: https://api.partner.microsoft.com/v1.0/ingestion/products/f9bd974b-2f5e-4ec0-8047-d300ec31c938/listings/getByInstanceID(instanceID=f51f7fd3-fad0-f11d-5a01-57d339bfac1e)
  response:
    body:
      string: '{"value":[{"resourceType":"AzureListing","listingUris":[],"listingContacts":[],"gettingStartedInstructions":"","languageCode":"en-us","title":"clitest000002
        Alias","keywords":[],"@odata.etag":"\"510131ce-0000-0800-0000-638e5dd20000\"","id":"a93070dc-cdfe-6198-10a6-58d579d8f212"}]}'
    headers:
      content-type:
      - application/json; charset=utf-8
      date:
      - Mon, 05 Dec 2022 21:08:37 GMT
      request-id:
      - fc622e13-4d15-4348-a578-c72e620bdf38
      transfer-encoding:
      - chunked
    status:
      code: 200
      message: OK
- request:
    body: null
    headers:
      Accept:
      - application/json
      If-Match:
      - '*'
      User-Agent:
      - OpenAPI-Generator/v1/python
    method: GET
    uri: https://api.partner.microsoft.com/v1.0/ingestion/products?%24filter=externalIDs%2FAny%28i%3Ai%2Ftype+eq+%27AzureOfferId%27+and+i%2Fvalue+eq+%27clitest000002%27%29
  response:
    body:
      string: '{"value":[{"resourceType":"AzureContainer","name":"clitest000002 Alias","externalIDs":[{"type":"AzureOfferId","value":"clitest000002"}],"isModularPublishing":true,"id":"f9bd974b-2f5e-4ec0-8047-d300ec31c938"}]}'
    headers:
      content-type:
      - application/json; charset=utf-8
      date:
      - Mon, 05 Dec 2022 21:08:38 GMT
      request-id:
      - e856a39d-2d68-42fb-88f7-ae8599db5d3f
      transfer-encoding:
      - chunked
    status:
      code: 200
      message: OK
- request:
    body: null
    headers:
      Accept:
      - application/json
      If-Match:
      - '*'
      User-Agent:
      - OpenAPI-Generator/v1/python
    method: GET
    uri: https://api.partner.microsoft.com/v1.0/ingestion/products/f9bd974b-2f5e-4ec0-8047-d300ec31c938/branches/getByModule(module=Listing)
  response:
    body:
      string: '{"value":[{"resourceType":"Branch","friendlyName":"Main","type":"Main","module":"Listing","currentDraftInstanceID":"f51f7fd3-fad0-f11d-5a01-57d339bfac1e"}]}'
    headers:
      content-type:
      - application/json; charset=utf-8
      date:
      - Mon, 05 Dec 2022 21:08:38 GMT
      request-id:
      - 711b4585-1cae-4bbe-b5f5-b94320d1ff56
      transfer-encoding:
      - chunked
    status:
      code: 200
      message: OK
- request:
    body: null
    headers:
      Accept:
      - application/json
      If-Match:
      - '*'
      User-Agent:
      - OpenAPI-Generator/v1/python
    method: GET
    uri: https://api.partner.microsoft.com/v1.0/ingestion/products/f9bd974b-2f5e-4ec0-8047-d300ec31c938/listings/getByInstanceID(instanceID=f51f7fd3-fad0-f11d-5a01-57d339bfac1e)
  response:
    body:
      string: '{"value":[{"resourceType":"AzureListing","listingUris":[],"listingContacts":[],"gettingStartedInstructions":"","languageCode":"en-us","title":"clitest000002
        Alias","keywords":[],"@odata.etag":"\"510131ce-0000-0800-0000-638e5dd20000\"","id":"a93070dc-cdfe-6198-10a6-58d579d8f212"}]}'
    headers:
      content-type:
      - application/json; charset=utf-8
      date:
      - Mon, 05 Dec 2022 21:08:40 GMT
      request-id:
      - dd26fdb0-33e5-439e-92e3-ed81aa8d2d80
      transfer-encoding:
      - chunked
    status:
      code: 200
      message: OK
- request:
    body: null
    headers:
      Accept:
      - application/json
      If-Match:
      - '*'
      User-Agent:
      - OpenAPI-Generator/v1/python
    method: GET
    uri: https://api.partner.microsoft.com/v1.0/ingestion/products?%24filter=externalIDs%2FAny%28i%3Ai%2Ftype+eq+%27AzureOfferId%27+and+i%2Fvalue+eq+%27clitest000002%27%29
  response:
    body:
      string: '{"value":[{"resourceType":"AzureContainer","name":"clitest000002 Alias","externalIDs":[{"type":"AzureOfferId","value":"clitest000002"}],"isModularPublishing":true,"id":"f9bd974b-2f5e-4ec0-8047-d300ec31c938"}]}'
    headers:
      content-type:
      - application/json; charset=utf-8
      date:
      - Mon, 05 Dec 2022 21:08:40 GMT
      request-id:
      - 52e12597-749e-4fec-a932-a054db519722
      transfer-encoding:
      - chunked
    status:
      code: 200
      message: OK
- request:
    body: null
    headers:
      Accept:
      - application/json
      If-Match:
      - '*'
      User-Agent:
      - OpenAPI-Generator/v1/python
    method: GET
    uri: https://api.partner.microsoft.com/v1.0/ingestion/products?%24filter=externalIDs%2FAny%28i%3Ai%2Ftype+eq+%27AzureOfferId%27+and+i%2Fvalue+eq+%27clitest000002%27%29
  response:
    body:
      string: '{"value":[{"resourceType":"AzureContainer","name":"clitest000002 Alias","externalIDs":[{"type":"AzureOfferId","value":"clitest000002"}],"isModularPublishing":true,"id":"f9bd974b-2f5e-4ec0-8047-d300ec31c938"}]}'
    headers:
      content-type:
      - application/json; charset=utf-8
      date:
      - Mon, 05 Dec 2022 21:08:40 GMT
      request-id:
      - ecc5e779-fe9c-4aab-b388-3df19e5c1367
      transfer-encoding:
      - chunked
    status:
      code: 200
      message: OK
- request:
    body: null
    headers:
      Accept:
      - application/json
      If-Match:
      - '*'
      User-Agent:
      - OpenAPI-Generator/v1/python
    method: GET
    uri: https://api.partner.microsoft.com/v1.0/ingestion/products/f9bd974b-2f5e-4ec0-8047-d300ec31c938/branches/getByModule(module=Listing)
  response:
    body:
      string: '{"value":[{"resourceType":"Branch","friendlyName":"Main","type":"Main","module":"Listing","currentDraftInstanceID":"f51f7fd3-fad0-f11d-5a01-57d339bfac1e"}]}'
    headers:
      content-type:
      - application/json; charset=utf-8
      date:
      - Mon, 05 Dec 2022 21:08:41 GMT
      request-id:
      - 6a46b569-e800-4b5d-b8f7-ae03bd8216b8
      transfer-encoding:
      - chunked
    status:
      code: 200
      message: OK
- request:
    body: null
    headers:
      Accept:
      - application/json
      If-Match:
      - '*'
      User-Agent:
      - OpenAPI-Generator/v1/python
    method: GET
    uri: https://api.partner.microsoft.com/v1.0/ingestion/products/f9bd974b-2f5e-4ec0-8047-d300ec31c938/listings/getByInstanceID(instanceID=f51f7fd3-fad0-f11d-5a01-57d339bfac1e)
  response:
    body:
      string: '{"value":[{"resourceType":"AzureListing","listingUris":[],"listingContacts":[],"gettingStartedInstructions":"","languageCode":"en-us","title":"clitest000002
        Alias","keywords":[],"@odata.etag":"\"510131ce-0000-0800-0000-638e5dd20000\"","id":"a93070dc-cdfe-6198-10a6-58d579d8f212"}]}'
    headers:
      content-type:
      - application/json; charset=utf-8
      date:
      - Mon, 05 Dec 2022 21:08:41 GMT
      request-id:
      - 56fa4260-fa64-4da1-8b6b-c48befa13ec6
      transfer-encoding:
      - chunked
    status:
      code: 200
      message: OK
- request:
    body: '{"resourceType": "AzureListing", "description": "", "title": "clitest000002
      Alias", "summary": "", "shortDescription": "", "@odata.etag": "\"510131ce-0000-0800-0000-638e5dd20000\"",
      "listingUris": [{"type": "PrivacyUri", "subtype": "SubTypeUri", "displayText":
      "dt-000001", "uri": "https://testuri"}], "listingContacts": []}'
    headers:
      Accept:
      - application/json
      Content-Type:
      - application/json
      If-Match:
      - '*'
      User-Agent:
      - OpenAPI-Generator/v1/python
    method: PUT
    uri: https://api.partner.microsoft.com/v1.0/ingestion/products/f9bd974b-2f5e-4ec0-8047-d300ec31c938/listings/a93070dc-cdfe-6198-10a6-58d579d8f212
  response:
    body:
      string: '{"resourceType":"AzureListing","summary":"","listingUris":[{"type":"PrivacyUri","subtype":"SubTypeUri","displayText":"dt-000001","uri":"https://testuri"}],"listingContacts":[],"languageCode":"en-us","title":"clitest000002
        Alias","description":"","shortDescription":"","@odata.etag":"\"510135ce-0000-0800-0000-638e5dda0000\"","id":"a93070dc-cdfe-6198-10a6-58d579d8f212"}'
    headers:
      content-type:
      - application/json; charset=utf-8
      date:
      - Mon, 05 Dec 2022 21:08:42 GMT
      etag:
      - '"510135ce-0000-0800-0000-638e5dda0000"'
      request-id:
      - 9b4e21ce-9393-4b54-ae54-60b7d8afbd46
      transfer-encoding:
      - chunked
    status:
      code: 200
      message: OK
- request:
    body: null
    headers:
      Accept:
      - application/json
      If-Match:
      - '*'
      User-Agent:
      - OpenAPI-Generator/v1/python
    method: GET
    uri: https://api.partner.microsoft.com/v1.0/ingestion/products?%24filter=externalIDs%2FAny%28i%3Ai%2Ftype+eq+%27AzureOfferId%27+and+i%2Fvalue+eq+%27clitest000002%27%29
  response:
    body:
      string: '{"value":[{"resourceType":"AzureContainer","name":"clitest000002 Alias","externalIDs":[{"type":"AzureOfferId","value":"clitest000002"}],"isModularPublishing":true,"id":"f9bd974b-2f5e-4ec0-8047-d300ec31c938"}]}'
    headers:
      content-type:
      - application/json; charset=utf-8
      date:
      - Mon, 05 Dec 2022 21:08:48 GMT
      request-id:
      - 312a27fd-4acd-4769-84f2-c3a8d2716f51
      transfer-encoding:
      - chunked
    status:
      code: 200
      message: OK
- request:
    body: null
    headers:
      Accept:
      - application/json
      If-Match:
      - '*'
      User-Agent:
      - OpenAPI-Generator/v1/python
    method: GET
    uri: https://api.partner.microsoft.com/v1.0/ingestion/products/f9bd974b-2f5e-4ec0-8047-d300ec31c938/branches/getByModule(module=Listing)
  response:
    body:
      string: '{"value":[{"resourceType":"Branch","friendlyName":"Main","type":"Main","module":"Listing","currentDraftInstanceID":"f51f7fd3-fad0-f11d-5a01-57d339bfac1e"}]}'
    headers:
      content-type:
      - application/json; charset=utf-8
      date:
      - Mon, 05 Dec 2022 21:08:48 GMT
      request-id:
      - 499e1d05-3190-4656-a52e-9b453ef6b370
      transfer-encoding:
      - chunked
    status:
      code: 200
      message: OK
- request:
    body: null
    headers:
      Accept:
      - application/json
      If-Match:
      - '*'
      User-Agent:
      - OpenAPI-Generator/v1/python
    method: GET
    uri: https://api.partner.microsoft.com/v1.0/ingestion/products/f9bd974b-2f5e-4ec0-8047-d300ec31c938/listings/getByInstanceID(instanceID=f51f7fd3-fad0-f11d-5a01-57d339bfac1e)
  response:
    body:
      string: '{"value":[{"resourceType":"AzureListing","summary":"","listingUris":[{"type":"PrivacyUri","subtype":"SubTypeUri","displayText":"dt-000001","uri":"https://testuri"}],"listingContacts":[],"languageCode":"en-us","title":"clitest000002
        Alias","description":"","shortDescription":"","@odata.etag":"\"510135ce-0000-0800-0000-638e5dda0000\"","id":"a93070dc-cdfe-6198-10a6-58d579d8f212"}]}'
    headers:
      content-type:
      - application/json; charset=utf-8
      date:
      - Mon, 05 Dec 2022 21:08:48 GMT
      request-id:
      - 1af9e35b-2392-44ad-b890-045d8bdb8e52
      transfer-encoding:
      - chunked
    status:
      code: 200
      message: OK
- request:
    body: null
    headers:
      Accept:
      - application/json
      If-Match:
      - '*'
      User-Agent:
      - OpenAPI-Generator/v1/python
    method: GET
    uri: https://api.partner.microsoft.com/v1.0/ingestion/products?%24filter=externalIDs%2FAny%28i%3Ai%2Ftype+eq+%27AzureOfferId%27+and+i%2Fvalue+eq+%27clitest000002%27%29
  response:
    body:
      string: '{"value":[{"resourceType":"AzureContainer","name":"clitest000002 Alias","externalIDs":[{"type":"AzureOfferId","value":"clitest000002"}],"isModularPublishing":true,"id":"f9bd974b-2f5e-4ec0-8047-d300ec31c938"}]}'
    headers:
      content-type:
      - application/json; charset=utf-8
      date:
      - Mon, 05 Dec 2022 21:08:49 GMT
      request-id:
      - 9d742819-fa23-496d-a2c0-3493f6d28dcc
      transfer-encoding:
      - chunked
    status:
      code: 200
      message: OK
- request:
    body: null
    headers:
      Accept:
      - application/json
      If-Match:
      - '*'
      User-Agent:
      - OpenAPI-Generator/v1/python
    method: GET
    uri: https://api.partner.microsoft.com/v1.0/ingestion/products?%24filter=externalIDs%2FAny%28i%3Ai%2Ftype+eq+%27AzureOfferId%27+and+i%2Fvalue+eq+%27clitest000002%27%29
  response:
    body:
      string: '{"value":[{"resourceType":"AzureContainer","name":"clitest000002 Alias","externalIDs":[{"type":"AzureOfferId","value":"clitest000002"}],"isModularPublishing":true,"id":"f9bd974b-2f5e-4ec0-8047-d300ec31c938"}]}'
    headers:
      content-type:
      - application/json; charset=utf-8
      date:
      - Mon, 05 Dec 2022 21:08:49 GMT
      request-id:
      - a3376f7b-949c-4f27-9a66-6a39f3f45b82
      transfer-encoding:
      - chunked
    status:
      code: 200
      message: OK
- request:
    body: null
    headers:
      Accept:
      - application/json
      If-Match:
      - '*'
      User-Agent:
      - OpenAPI-Generator/v1/python
    method: GET
    uri: https://api.partner.microsoft.com/v1.0/ingestion/products/f9bd974b-2f5e-4ec0-8047-d300ec31c938/branches/getByModule(module=Listing)
  response:
    body:
      string: '{"value":[{"resourceType":"Branch","friendlyName":"Main","type":"Main","module":"Listing","currentDraftInstanceID":"f51f7fd3-fad0-f11d-5a01-57d339bfac1e"}]}'
    headers:
      content-type:
      - application/json; charset=utf-8
      date:
      - Mon, 05 Dec 2022 21:08:49 GMT
      request-id:
      - 974c4094-43da-46fb-837f-1ca2ea0842e5
      transfer-encoding:
      - chunked
    status:
      code: 200
      message: OK
- request:
    body: null
    headers:
      Accept:
      - application/json
      If-Match:
      - '*'
      User-Agent:
      - OpenAPI-Generator/v1/python
    method: GET
    uri: https://api.partner.microsoft.com/v1.0/ingestion/products/f9bd974b-2f5e-4ec0-8047-d300ec31c938/listings/getByInstanceID(instanceID=f51f7fd3-fad0-f11d-5a01-57d339bfac1e)
  response:
    body:
      string: '{"value":[{"resourceType":"AzureListing","summary":"","listingUris":[{"type":"PrivacyUri","subtype":"SubTypeUri","displayText":"dt-000001","uri":"https://testuri"}],"listingContacts":[],"languageCode":"en-us","title":"clitest000002
        Alias","description":"","shortDescription":"","@odata.etag":"\"510135ce-0000-0800-0000-638e5dda0000\"","id":"a93070dc-cdfe-6198-10a6-58d579d8f212"}]}'
    headers:
      content-type:
      - application/json; charset=utf-8
      date:
      - Mon, 05 Dec 2022 21:08:50 GMT
      request-id:
      - 280e9e26-4d1f-46fc-b943-3528ae159525
      transfer-encoding:
      - chunked
    status:
      code: 200
      message: OK
- request:
    body: '{"resourceType": "AzureListing", "description": "", "title": "clitest000002
      Alias", "summary": "", "shortDescription": "", "@odata.etag": "\"510135ce-0000-0800-0000-638e5dda0000\"",
      "listingUris": [], "listingContacts": []}'
    headers:
      Accept:
      - application/json
      Content-Type:
      - application/json
      If-Match:
      - '*'
      User-Agent:
      - OpenAPI-Generator/v1/python
    method: PUT
    uri: https://api.partner.microsoft.com/v1.0/ingestion/products/f9bd974b-2f5e-4ec0-8047-d300ec31c938/listings/a93070dc-cdfe-6198-10a6-58d579d8f212
  response:
    body:
      string: '{"resourceType":"AzureListing","summary":"","listingUris":[],"listingContacts":[],"languageCode":"en-us","title":"clitest000002
        Alias","description":"","shortDescription":"","@odata.etag":"\"510138ce-0000-0800-0000-638e5de20000\"","id":"a93070dc-cdfe-6198-10a6-58d579d8f212"}'
    headers:
      content-type:
      - application/json; charset=utf-8
      date:
      - Mon, 05 Dec 2022 21:08:50 GMT
      etag:
      - '"510138ce-0000-0800-0000-638e5de20000"'
      request-id:
      - 531fd1a8-03db-4a14-be8f-c64ffcb1fe57
      transfer-encoding:
      - chunked
    status:
      code: 200
      message: OK
- request:
    body: null
    headers:
      Accept:
      - application/json
      If-Match:
      - '*'
      User-Agent:
      - OpenAPI-Generator/v1/python
    method: GET
    uri: https://api.partner.microsoft.com/v1.0/ingestion/products?%24filter=externalIDs%2FAny%28i%3Ai%2Ftype+eq+%27AzureOfferId%27+and+i%2Fvalue+eq+%27clitest000002%27%29
  response:
    body:
      string: '{"value":[{"resourceType":"AzureContainer","name":"clitest000002 Alias","externalIDs":[{"type":"AzureOfferId","value":"clitest000002"}],"isModularPublishing":true,"id":"f9bd974b-2f5e-4ec0-8047-d300ec31c938"}]}'
    headers:
      content-type:
      - application/json; charset=utf-8
      date:
      - Mon, 05 Dec 2022 21:08:56 GMT
      request-id:
      - e3150bd8-9526-49bb-a920-1bd82ff1cf69
      transfer-encoding:
      - chunked
    status:
      code: 200
      message: OK
- request:
    body: null
    headers:
      Accept:
      - application/json
      If-Match:
      - '*'
      User-Agent:
      - OpenAPI-Generator/v1/python
    method: GET
    uri: https://api.partner.microsoft.com/v1.0/ingestion/products/f9bd974b-2f5e-4ec0-8047-d300ec31c938/branches/getByModule(module=Listing)
  response:
    body:
      string: '{"value":[{"resourceType":"Branch","friendlyName":"Main","type":"Main","module":"Listing","currentDraftInstanceID":"f51f7fd3-fad0-f11d-5a01-57d339bfac1e"}]}'
    headers:
      content-type:
      - application/json; charset=utf-8
      date:
      - Mon, 05 Dec 2022 21:08:56 GMT
      request-id:
      - ce2e4065-837b-4b43-8b3d-ffa1466c704c
      transfer-encoding:
      - chunked
    status:
      code: 200
      message: OK
- request:
    body: null
    headers:
      Accept:
      - application/json
      If-Match:
      - '*'
      User-Agent:
      - OpenAPI-Generator/v1/python
    method: GET
    uri: https://api.partner.microsoft.com/v1.0/ingestion/products/f9bd974b-2f5e-4ec0-8047-d300ec31c938/listings/getByInstanceID(instanceID=f51f7fd3-fad0-f11d-5a01-57d339bfac1e)
  response:
    body:
      string: '{"value":[{"resourceType":"AzureListing","summary":"","listingUris":[],"listingContacts":[],"languageCode":"en-us","title":"clitest000002
        Alias","description":"","shortDescription":"","@odata.etag":"\"510138ce-0000-0800-0000-638e5de20000\"","id":"a93070dc-cdfe-6198-10a6-58d579d8f212"}]}'
    headers:
      content-type:
      - application/json; charset=utf-8
      date:
      - Mon, 05 Dec 2022 21:08:56 GMT
      request-id:
      - 4b1b1ee9-16d4-4929-9326-6fe7ae52df69
      transfer-encoding:
      - chunked
    status:
      code: 200
      message: OK
version: 1
