interactions:
- request:
    body: null
    headers:
      Accept:
      - application/json
      If-Match:
      - '*'
      User-Agent:
      - OpenAPI-Generator/v1/python
    method: GET
    uri: https://api.partner.microsoft.com/v1.0/ingestion/products?%24filter=externalIDs%2FAny%28i%3Ai%2Ftype+eq+%27AzureOfferId%27+and+i%2Fvalue+eq+%27clitest000002%27%29
  response:
    body:
      string: '{"value":[{"resourceType":"AzureApplication","name":"clitest000002
        Alias","externalIDs":[{"type":"AzureOfferId","value":"clitest000002"}],"isModularPublishing":true,"id":"8e9368ff-1ed1-44ed-824d-e70517c47440"}]}'
    headers:
      content-type:
      - application/json; charset=utf-8
      date:
      - Thu, 11 Jan 2024 19:20:41 GMT
      request-id:
      - 934cde88-06b4-42ed-ac36-f403bdcfba82
      strict-transport-security:
      - max-age=31536000; includeSubDomains
      transfer-encoding:
      - chunked
      x-azure-ref:
      - 0iT+gZQAAAAB3aVbRrd2IT4tC2KK7sQd4TU5aMjIxMDYwNjExMDIzADIyMTBkMjhhLTUzYmItNDExNi1hOGM1LWU4ZjhiNDUxYmM4Yw==
      x-cache:
      - CONFIG_NOCACHE
    status:
      code: 200
      message: OK
- request:
    body: null
    headers:
      Accept:
      - application/json
      If-Match:
      - '*'
      User-Agent:
      - OpenAPI-Generator/v1/python
    method: GET
    uri: https://api.partner.microsoft.com/v1.0/ingestion/products/8e9368ff-1ed1-44ed-824d-e70517c47440/branches/getByModule(module=Listing)
  response:
    body:
      string: '{"value":[{"resourceType":"Branch","friendlyName":"Main","type":"Main","module":"Listing","currentDraftInstanceID":"8893884c-0da4-ebf0-2e48-e4c5d82d2150"},{"resourceType":"Branch","friendlyName":"Main","type":"Main","module":"Listing","currentDraftInstanceID":"bb461586-4253-d74b-59d7-14c0af7a3338","variantID":"testdrive"}]}'
    headers:
      content-type:
      - application/json; charset=utf-8
      date:
      - Thu, 11 Jan 2024 19:20:41 GMT
      request-id:
      - a54bdfae-e2f1-4b9b-9254-782d279cf613
      strict-transport-security:
      - max-age=31536000; includeSubDomains
      transfer-encoding:
      - chunked
      x-azure-ref:
      - 0iT+gZQAAAACebrO+8gL9QILY75S0z484TU5aMjIxMDYwNjExMDIzADIyMTBkMjhhLTUzYmItNDExNi1hOGM1LWU4ZjhiNDUxYmM4Yw==
      x-cache:
      - CONFIG_NOCACHE
    status:
      code: 200
      message: OK
- request:
    body: null
    headers:
      Accept:
      - application/json
      If-Match:
      - '*'
      User-Agent:
      - OpenAPI-Generator/v1/python
    method: GET
    uri: https://api.partner.microsoft.com/v1.0/ingestion/products/8e9368ff-1ed1-44ed-824d-e70517c47440/listings/getByInstanceID(instanceID=8893884c-0da4-ebf0-2e48-e4c5d82d2150)
  response:
    body:
      string: '{"value":[{"resourceType":"AzureListing","listingUris":[],"listingContacts":[],"gettingStartedInstructions":"","languageCode":"en-us","title":"clitest000002
        Alias","keywords":[],"@odata.etag":"\"48004c0c-0000-0800-0000-65a03f860000\"","id":"571690f5-67aa-91dd-e09b-025d208aca57"}]}'
    headers:
      content-type:
      - application/json; charset=utf-8
      date:
      - Thu, 11 Jan 2024 19:20:41 GMT
      request-id:
      - a0ca6368-e787-4e1a-95ab-73201c6dc87b
      strict-transport-security:
      - max-age=31536000; includeSubDomains
      transfer-encoding:
      - chunked
      x-azure-ref:
      - 0ij+gZQAAAAA3Waob1/+uSbkj2ZWO5EBJTU5aMjIxMDYwNjEyMDM1ADIyMTBkMjhhLTUzYmItNDExNi1hOGM1LWU4ZjhiNDUxYmM4Yw==
      x-cache:
      - CONFIG_NOCACHE
    status:
      code: 200
      message: OK
- request:
    body: null
    headers:
      Accept:
      - application/json
      If-Match:
      - '*'
      User-Agent:
      - OpenAPI-Generator/v1/python
    method: GET
    uri: https://api.partner.microsoft.com/v1.0/ingestion/products?%24filter=externalIDs%2FAny%28i%3Ai%2Ftype+eq+%27AzureOfferId%27+and+i%2Fvalue+eq+%27clitest000002%27%29
  response:
    body:
      string: '{"value":[{"resourceType":"AzureApplication","name":"clitest000002
        Alias","externalIDs":[{"type":"AzureOfferId","value":"clitest000002"}],"isModularPublishing":true,"id":"8e9368ff-1ed1-44ed-824d-e70517c47440"}]}'
    headers:
      content-type:
      - application/json; charset=utf-8
      date:
      - Thu, 11 Jan 2024 19:20:42 GMT
      request-id:
      - 8043be71-15c5-4b9f-ae7a-06fc7b4f70f6
      strict-transport-security:
      - max-age=31536000; includeSubDomains
      transfer-encoding:
      - chunked
      x-azure-ref:
      - 0ij+gZQAAAAAFxMojEH9hQ6/N3Mb7KTRXTU5aMjIxMDYwNjEzMDQ3ADIyMTBkMjhhLTUzYmItNDExNi1hOGM1LWU4ZjhiNDUxYmM4Yw==
      x-cache:
      - CONFIG_NOCACHE
    status:
      code: 200
      message: OK
- request:
    body: null
    headers:
      Accept:
      - application/json
      If-Match:
      - '*'
      User-Agent:
      - OpenAPI-Generator/v1/python
    method: GET
    uri: https://api.partner.microsoft.com/v1.0/ingestion/products/8e9368ff-1ed1-44ed-824d-e70517c47440/branches/getByModule(module=Listing)
  response:
    body:
      string: '{"value":[{"resourceType":"Branch","friendlyName":"Main","type":"Main","module":"Listing","currentDraftInstanceID":"8893884c-0da4-ebf0-2e48-e4c5d82d2150"},{"resourceType":"Branch","friendlyName":"Main","type":"Main","module":"Listing","currentDraftInstanceID":"bb461586-4253-d74b-59d7-14c0af7a3338","variantID":"testdrive"}]}'
    headers:
      content-type:
      - application/json; charset=utf-8
      date:
      - Thu, 11 Jan 2024 19:20:42 GMT
      request-id:
      - f7025c66-45c1-42ce-9174-2e8e691b0d6b
      strict-transport-security:
      - max-age=31536000; includeSubDomains
      transfer-encoding:
      - chunked
      x-azure-ref:
      - 0iz+gZQAAAAB3ryOskuNITpVp3R6xrVdDTU5aMjIxMDYwNjE0MDMzADIyMTBkMjhhLTUzYmItNDExNi1hOGM1LWU4ZjhiNDUxYmM4Yw==
      x-cache:
      - CONFIG_NOCACHE
    status:
      code: 200
      message: OK
- request:
    body: null
    headers:
      Accept:
      - application/json
      If-Match:
      - '*'
      User-Agent:
      - OpenAPI-Generator/v1/python
    method: GET
    uri: https://api.partner.microsoft.com/v1.0/ingestion/products/8e9368ff-1ed1-44ed-824d-e70517c47440/listings/getByInstanceID(instanceID=8893884c-0da4-ebf0-2e48-e4c5d82d2150)
  response:
    body:
      string: '{"value":[{"resourceType":"AzureListing","listingUris":[],"listingContacts":[],"gettingStartedInstructions":"","languageCode":"en-us","title":"clitest000002
        Alias","keywords":[],"@odata.etag":"\"48004c0c-0000-0800-0000-65a03f860000\"","id":"571690f5-67aa-91dd-e09b-025d208aca57"}]}'
    headers:
      content-type:
      - application/json; charset=utf-8
      date:
      - Thu, 11 Jan 2024 19:20:42 GMT
      request-id:
      - 6440a1b4-6128-4d6c-81fe-509ff0fcb46e
      strict-transport-security:
      - max-age=31536000; includeSubDomains
      transfer-encoding:
      - chunked
      x-azure-ref:
      - 0iz+gZQAAAAC0CeAvlQMHRJanA5A0Ztn/TU5aMjIxMDYwNjEzMDQ3ADIyMTBkMjhhLTUzYmItNDExNi1hOGM1LWU4ZjhiNDUxYmM4Yw==
      x-cache:
      - CONFIG_NOCACHE
    status:
      code: 200
      message: OK
- request:
    body: null
    headers:
      Accept:
      - application/json
      If-Match:
      - '*'
      User-Agent:
      - OpenAPI-Generator/v1/python
    method: GET
    uri: https://api.partner.microsoft.com/v1.0/ingestion/products?%24filter=externalIDs%2FAny%28i%3Ai%2Ftype+eq+%27AzureOfferId%27+and+i%2Fvalue+eq+%27clitest000002%27%29
  response:
    body:
      string: '{"value":[{"resourceType":"AzureApplication","name":"clitest000002
        Alias","externalIDs":[{"type":"AzureOfferId","value":"clitest000002"}],"isModularPublishing":true,"id":"8e9368ff-1ed1-44ed-824d-e70517c47440"}]}'
    headers:
      content-type:
      - application/json; charset=utf-8
      date:
      - Thu, 11 Jan 2024 19:20:43 GMT
      request-id:
      - 9886a2bc-aef9-4111-a40e-9141cc39e864
      strict-transport-security:
      - max-age=31536000; includeSubDomains
      transfer-encoding:
      - chunked
      x-azure-ref:
      - 0jD+gZQAAAAC4zRdLe29RT5a4PNQsCjhiTU5aMjIxMDYwNjEyMDM1ADIyMTBkMjhhLTUzYmItNDExNi1hOGM1LWU4ZjhiNDUxYmM4Yw==
      x-cache:
      - CONFIG_NOCACHE
    status:
      code: 200
      message: OK
- request:
    body: null
    headers:
      Accept:
      - application/json
      If-Match:
      - '*'
      User-Agent:
      - OpenAPI-Generator/v1/python
    method: GET
    uri: https://api.partner.microsoft.com/v1.0/ingestion/products?%24filter=externalIDs%2FAny%28i%3Ai%2Ftype+eq+%27AzureOfferId%27+and+i%2Fvalue+eq+%27clitest000002%27%29
  response:
    body:
      string: '{"value":[{"resourceType":"AzureApplication","name":"clitest000002
        Alias","externalIDs":[{"type":"AzureOfferId","value":"clitest000002"}],"isModularPublishing":true,"id":"8e9368ff-1ed1-44ed-824d-e70517c47440"}]}'
    headers:
      content-type:
      - application/json; charset=utf-8
      date:
      - Thu, 11 Jan 2024 19:20:43 GMT
      request-id:
      - 4e8337ad-4c78-43e6-9268-3cf89a511232
      strict-transport-security:
      - max-age=31536000; includeSubDomains
      transfer-encoding:
      - chunked
      x-azure-ref:
      - 0jD+gZQAAAAARTjL19h+fTZZgVN5W26XUTU5aMjIxMDYwNjEyMDM1ADIyMTBkMjhhLTUzYmItNDExNi1hOGM1LWU4ZjhiNDUxYmM4Yw==
      x-cache:
      - CONFIG_NOCACHE
    status:
      code: 200
      message: OK
- request:
    body: null
    headers:
      Accept:
      - application/json
      If-Match:
      - '*'
      User-Agent:
      - OpenAPI-Generator/v1/python
    method: GET
    uri: https://api.partner.microsoft.com/v1.0/ingestion/products/8e9368ff-1ed1-44ed-824d-e70517c47440/branches/getByModule(module=Listing)
  response:
    body:
      string: '{"value":[{"resourceType":"Branch","friendlyName":"Main","type":"Main","module":"Listing","currentDraftInstanceID":"8893884c-0da4-ebf0-2e48-e4c5d82d2150"},{"resourceType":"Branch","friendlyName":"Main","type":"Main","module":"Listing","currentDraftInstanceID":"bb461586-4253-d74b-59d7-14c0af7a3338","variantID":"testdrive"}]}'
    headers:
      content-type:
      - application/json; charset=utf-8
      date:
      - Thu, 11 Jan 2024 19:20:43 GMT
      request-id:
      - cb780aaf-4dc2-4fa0-a7cd-b826d5a3be87
      strict-transport-security:
      - max-age=31536000; includeSubDomains
      transfer-encoding:
      - chunked
      x-azure-ref:
      - 0jD+gZQAAAACh7N0VN3cgRr+hBfWGalVjTU5aMjIxMDYwNjEyMDM1ADIyMTBkMjhhLTUzYmItNDExNi1hOGM1LWU4ZjhiNDUxYmM4Yw==
      x-cache:
      - CONFIG_NOCACHE
    status:
      code: 200
      message: OK
- request:
    body: null
    headers:
      Accept:
      - application/json
      If-Match:
      - '*'
      User-Agent:
      - OpenAPI-Generator/v1/python
    method: GET
    uri: https://api.partner.microsoft.com/v1.0/ingestion/products/8e9368ff-1ed1-44ed-824d-e70517c47440/listings/getByInstanceID(instanceID=8893884c-0da4-ebf0-2e48-e4c5d82d2150)
  response:
    body:
      string: '{"value":[{"resourceType":"AzureListing","listingUris":[],"listingContacts":[],"gettingStartedInstructions":"","languageCode":"en-us","title":"clitest000002
        Alias","keywords":[],"@odata.etag":"\"48004c0c-0000-0800-0000-65a03f860000\"","id":"571690f5-67aa-91dd-e09b-025d208aca57"}]}'
    headers:
      content-type:
      - application/json; charset=utf-8
      date:
      - Thu, 11 Jan 2024 19:20:44 GMT
      request-id:
      - 0b99dc33-00a1-40da-a82a-c3ed4fa35fba
      strict-transport-security:
      - max-age=31536000; includeSubDomains
      transfer-encoding:
      - chunked
      x-azure-ref:
      - 0jD+gZQAAAADLiyiAhfYCR67+rkAFBZwDTU5aMjIxMDYwNjEyMDM1ADIyMTBkMjhhLTUzYmItNDExNi1hOGM1LWU4ZjhiNDUxYmM4Yw==
      x-cache:
      - CONFIG_NOCACHE
    status:
      code: 200
      message: OK
- request:
    body: '{"resourceType": "AzureListing", "description": "Unreal Cloud DDC for Unreal
      Engine game development.", "title": "clitest000002 Alias", "summary": "A storage
      offer for Unreal Engine Game Developers", "shortDescription": "Unreal Cloud
      DDC for Unreal Engine game development.", "@odata.etag": "\"48004c0c-0000-0800-0000-65a03f860000\"",
      "listingUris": [], "listingContacts": []}'
    headers:
      Accept:
      - application/json
      Content-Type:
      - application/json
      If-Match:
      - '*'
      User-Agent:
      - OpenAPI-Generator/v1/python
    method: PUT
    uri: https://api.partner.microsoft.com/v1.0/ingestion/products/8e9368ff-1ed1-44ed-824d-e70517c47440/listings/571690f5-67aa-91dd-e09b-025d208aca57
  response:
    body:
      string: '{"resourceType":"AzureListing","summary":"A storage offer for Unreal
        Engine Game Developers","listingUris":[],"listingContacts":[],"languageCode":"en-us","title":"clitest000002
        Alias","description":"Unreal Cloud DDC for Unreal Engine game development.","shortDescription":"Unreal
        Cloud DDC for Unreal Engine game development.","@odata.etag":"\"4800990d-0000-0800-0000-65a03f8d0000\"","id":"571690f5-67aa-91dd-e09b-025d208aca57"}'
    headers:
      content-type:
      - application/json; charset=utf-8
      date:
      - Thu, 11 Jan 2024 19:20:44 GMT
      etag:
      - '"4800990d-0000-0800-0000-65a03f8d0000"'
      request-id:
      - 6d9778b8-ead9-4231-af8a-732d0e41dede
      strict-transport-security:
      - max-age=31536000; includeSubDomains
      transfer-encoding:
      - chunked
      x-azure-ref:
      - 0jT+gZQAAAABHCNqY9JqOQa9l3LHt64D8TU5aMjIxMDYwNjEzMDQ3ADIyMTBkMjhhLTUzYmItNDExNi1hOGM1LWU4ZjhiNDUxYmM4Yw==
      x-cache:
      - CONFIG_NOCACHE
    status:
      code: 200
      message: OK
- request:
    body: null
    headers:
      Accept:
      - application/json
      If-Match:
      - '*'
      User-Agent:
      - OpenAPI-Generator/v1/python
    method: GET
    uri: https://api.partner.microsoft.com/v1.0/ingestion/products?%24filter=externalIDs%2FAny%28i%3Ai%2Ftype+eq+%27AzureOfferId%27+and+i%2Fvalue+eq+%27clitest000002%27%29
  response:
    body:
      string: '{"value":[{"resourceType":"AzureApplication","name":"clitest000002
        Alias","externalIDs":[{"type":"AzureOfferId","value":"clitest000002"}],"isModularPublishing":true,"id":"8e9368ff-1ed1-44ed-824d-e70517c47440"}]}'
    headers:
      content-type:
      - application/json; charset=utf-8
      date:
      - Thu, 11 Jan 2024 19:20:46 GMT
      request-id:
      - 36bd68f8-72ee-41dd-ac1f-1a4f0213c646
      strict-transport-security:
      - max-age=31536000; includeSubDomains
      transfer-encoding:
      - chunked
      x-azure-ref:
      - 0jj+gZQAAAAAqIwN/7j3uQonYahgOvJjhTU5aMjIxMDYwNjEzMDQ3ADIyMTBkMjhhLTUzYmItNDExNi1hOGM1LWU4ZjhiNDUxYmM4Yw==
      x-cache:
      - CONFIG_NOCACHE
    status:
      code: 200
      message: OK
- request:
    body: null
    headers:
      Accept:
      - application/json
      If-Match:
      - '*'
      User-Agent:
      - OpenAPI-Generator/v1/python
    method: GET
    uri: https://api.partner.microsoft.com/v1.0/ingestion/products/8e9368ff-1ed1-44ed-824d-e70517c47440/setup
  response:
    body:
      string: '{"resourceType":"AzureProductSetup","sellingOption":"ListAndSell","trialUri":"","enableTestDrive":false,"channelStates":[{"type":"Reseller","value":"Disabled"}]}'
    headers:
      content-type:
      - application/json; charset=utf-8
      date:
      - Thu, 11 Jan 2024 19:20:46 GMT
      request-id:
      - 55b29fe8-37c8-46d9-82cf-d87dbb02fe5d
      strict-transport-security:
      - max-age=31536000; includeSubDomains
      transfer-encoding:
      - chunked
      x-azure-ref:
      - 0jj+gZQAAAAD7zWHGotE+Sp03mt8QCSk1TU5aMjIxMDYwNjEzMDQ3ADIyMTBkMjhhLTUzYmItNDExNi1hOGM1LWU4ZjhiNDUxYmM4Yw==
      x-cache:
      - CONFIG_NOCACHE
    status:
      code: 200
      message: OK
- request:
    body: null
    headers:
      Accept:
      - application/json
      If-Match:
      - '*'
      User-Agent:
      - OpenAPI-Generator/v1/python
    method: GET
    uri: https://api.partner.microsoft.com/v1.0/ingestion/products?%24filter=externalIDs%2FAny%28i%3Ai%2Ftype+eq+%27AzureOfferId%27+and+i%2Fvalue+eq+%27clitest000002%27%29
  response:
    body:
      string: '{"value":[{"resourceType":"AzureApplication","name":"clitest000002
        Alias","externalIDs":[{"type":"AzureOfferId","value":"clitest000002"}],"isModularPublishing":true,"id":"8e9368ff-1ed1-44ed-824d-e70517c47440"}]}'
    headers:
      content-type:
      - application/json; charset=utf-8
      date:
      - Thu, 11 Jan 2024 19:20:46 GMT
      request-id:
      - 762a89fb-8b17-4a3c-a7e4-129f7939b2b8
      strict-transport-security:
      - max-age=31536000; includeSubDomains
      transfer-encoding:
      - chunked
      x-azure-ref:
      - 0jj+gZQAAAACFq2+oxO8GT5StetMdw626TU5aMjIxMDYwNjEzMDQ3ADIyMTBkMjhhLTUzYmItNDExNi1hOGM1LWU4ZjhiNDUxYmM4Yw==
      x-cache:
      - CONFIG_NOCACHE
    status:
      code: 200
      message: OK
- request:
    body: null
    headers:
      Accept:
      - application/json
      If-Match:
      - '*'
      User-Agent:
      - OpenAPI-Generator/v1/python
    method: GET
    uri: https://api.partner.microsoft.com/v1.0/ingestion/products?%24filter=externalIDs%2FAny%28i%3Ai%2Ftype+eq+%27AzureOfferId%27+and+i%2Fvalue+eq+%27clitest000002%27%29
  response:
    body:
      string: '{"value":[{"resourceType":"AzureApplication","name":"clitest000002
        Alias","externalIDs":[{"type":"AzureOfferId","value":"clitest000002"}],"isModularPublishing":true,"id":"8e9368ff-1ed1-44ed-824d-e70517c47440"}]}'
    headers:
      content-type:
      - application/json; charset=utf-8
      date:
      - Thu, 11 Jan 2024 19:20:47 GMT
      request-id:
      - e552ecc1-69a3-4380-9ee2-4e331d35b72b
      strict-transport-security:
      - max-age=31536000; includeSubDomains
      transfer-encoding:
      - chunked
      x-azure-ref:
      - 0jz+gZQAAAABZNG+Oq/xPTIT44REjROHyTU5aMjIxMDYwNjEzMDQ3ADIyMTBkMjhhLTUzYmItNDExNi1hOGM1LWU4ZjhiNDUxYmM4Yw==
      x-cache:
      - CONFIG_NOCACHE
    status:
      code: 200
      message: OK
- request:
    body: null
    headers:
      Accept:
      - application/json
      If-Match:
      - '*'
      User-Agent:
      - OpenAPI-Generator/v1/python
    method: GET
    uri: https://api.partner.microsoft.com/v1.0/ingestion/products/8e9368ff-1ed1-44ed-824d-e70517c47440/setup
  response:
    body:
      string: '{"resourceType":"AzureProductSetup","sellingOption":"ListAndSell","trialUri":"","enableTestDrive":false,"channelStates":[{"type":"Reseller","value":"Disabled"}]}'
    headers:
      content-type:
      - application/json; charset=utf-8
      date:
      - Thu, 11 Jan 2024 19:20:47 GMT
      request-id:
      - 78dd7204-d589-419c-83e3-a2b984baaca7
      strict-transport-security:
      - max-age=31536000; includeSubDomains
      transfer-encoding:
      - chunked
      x-azure-ref:
      - 0jz+gZQAAAACsv3ZZEK5vTJzifwgU0ZP+TU5aMjIxMDYwNjEzMDQ3ADIyMTBkMjhhLTUzYmItNDExNi1hOGM1LWU4ZjhiNDUxYmM4Yw==
      x-cache:
      - CONFIG_NOCACHE
    status:
      code: 200
      message: OK
- request:
    body: null
    headers:
      Accept:
      - application/json
      If-Match:
      - '*'
      User-Agent:
      - OpenAPI-Generator/v1/python
    method: GET
    uri: https://api.partner.microsoft.com/v1.0/ingestion/products?%24filter=externalIDs%2FAny%28i%3Ai%2Ftype+eq+%27AzureOfferId%27+and+i%2Fvalue+eq+%27clitest000002%27%29
  response:
    body:
      string: '{"value":[{"resourceType":"AzureApplication","name":"clitest000002
        Alias","externalIDs":[{"type":"AzureOfferId","value":"clitest000002"}],"isModularPublishing":true,"id":"8e9368ff-1ed1-44ed-824d-e70517c47440"}]}'
    headers:
      content-type:
      - application/json; charset=utf-8
      date:
      - Thu, 11 Jan 2024 19:20:48 GMT
      request-id:
      - ea71f090-6035-4fd7-af06-28e794dee097
      strict-transport-security:
      - max-age=31536000; includeSubDomains
      transfer-encoding:
      - chunked
      x-azure-ref:
      - 0kD+gZQAAAAAB6ivF+yPzRY6b0XN4RQg+TU5aMjIxMDYwNjE0MDMzADIyMTBkMjhhLTUzYmItNDExNi1hOGM1LWU4ZjhiNDUxYmM4Yw==
      x-cache:
      - CONFIG_NOCACHE
    status:
      code: 200
      message: OK
- request:
    body: '{"resourceType": "AzureProductSetup", "enableTestDrive": false, "sellingOption":
      "ListAndSell", "trialUri": "", "channelStates": [{"type": "Reseller", "value":
      "Disabled"}]}'
    headers:
      Accept:
      - application/json
      Content-Type:
      - application/json
      If-Match:
      - '*'
      User-Agent:
      - OpenAPI-Generator/v1/python
    method: POST
    uri: https://api.partner.microsoft.com/v1.0/ingestion/products/8e9368ff-1ed1-44ed-824d-e70517c47440/setup
  response:
    body:
      string: '{"resourceType":"AzureProductSetup","sellingOption":"ListAndSell","trialUri":"","enableTestDrive":false,"channelStates":[{"type":"Reseller","value":"Disabled"}]}'
    headers:
      content-type:
      - application/json; charset=utf-8
      date:
      - Thu, 11 Jan 2024 19:20:49 GMT
      request-id:
      - e094d6c1-e13a-41d7-917f-34ec42b3e4a6
      strict-transport-security:
      - max-age=31536000; includeSubDomains
      transfer-encoding:
      - chunked
      x-azure-ref:
      - 0kD+gZQAAAADnJLB9y9z8RYHRq/ypxtDzTU5aMjIxMDYwNjEzMDQ3ADIyMTBkMjhhLTUzYmItNDExNi1hOGM1LWU4ZjhiNDUxYmM4Yw==
      x-cache:
      - CONFIG_NOCACHE
    status:
      code: 200
      message: OK
- request:
    body: null
    headers:
      Accept:
      - application/json
      If-Match:
      - '*'
      User-Agent:
      - OpenAPI-Generator/v1/python
    method: GET
    uri: https://api.partner.microsoft.com/v1.0/ingestion/products?%24filter=externalIDs%2FAny%28i%3Ai%2Ftype+eq+%27AzureOfferId%27+and+i%2Fvalue+eq+%27clitest000002%27%29
  response:
    body:
      string: '{"value":[{"resourceType":"AzureApplication","name":"clitest000002
        Alias","externalIDs":[{"type":"AzureOfferId","value":"clitest000002"}],"isModularPublishing":true,"id":"8e9368ff-1ed1-44ed-824d-e70517c47440"}]}'
    headers:
      content-type:
      - application/json; charset=utf-8
      date:
      - Thu, 11 Jan 2024 19:20:49 GMT
      request-id:
      - 4f982f1a-ef62-4364-9c02-7492af502c9b
      strict-transport-security:
      - max-age=31536000; includeSubDomains
      transfer-encoding:
      - chunked
      x-azure-ref:
      - 0kT+gZQAAAAB8PurulFvBT6/mvxSwnLDgTU5aMjIxMDYwNjEzMDQ3ADIyMTBkMjhhLTUzYmItNDExNi1hOGM1LWU4ZjhiNDUxYmM4Yw==
      x-cache:
      - CONFIG_NOCACHE
    status:
      code: 200
      message: OK
- request:
    body: null
    headers:
      Accept:
      - application/json
      If-Match:
      - '*'
      User-Agent:
      - OpenAPI-Generator/v1/python
    method: GET
    uri: https://api.partner.microsoft.com/v1.0/ingestion/products/8e9368ff-1ed1-44ed-824d-e70517c47440/setup
  response:
    body:
      string: '{"resourceType":"AzureProductSetup","sellingOption":"ListAndSell","trialUri":"","enableTestDrive":false,"channelStates":[{"type":"Reseller","value":"Disabled"}]}'
    headers:
      content-type:
      - application/json; charset=utf-8
      date:
      - Thu, 11 Jan 2024 19:20:49 GMT
      request-id:
      - 4076a6f3-838e-4742-ae8c-a866c15f873d
      strict-transport-security:
      - max-age=31536000; includeSubDomains
      transfer-encoding:
      - chunked
      x-azure-ref:
      - 0kj+gZQAAAADsq1SWBUz4RL4IkJldbM16TU5aMjIxMDYwNjE0MDMzADIyMTBkMjhhLTUzYmItNDExNi1hOGM1LWU4ZjhiNDUxYmM4Yw==
      x-cache:
      - CONFIG_NOCACHE
    status:
      code: 200
      message: OK
- request:
    body: null
    headers:
      Accept:
      - application/json
      If-Match:
      - '*'
      User-Agent:
      - OpenAPI-Generator/v1/python
    method: GET
    uri: https://api.partner.microsoft.com/v1.0/ingestion/products?%24filter=externalIDs%2FAny%28i%3Ai%2Ftype+eq+%27AzureOfferId%27+and+i%2Fvalue+eq+%27clitest000002%27%29
  response:
    body:
      string: '{"value":[{"resourceType":"AzureApplication","name":"clitest000002
        Alias","externalIDs":[{"type":"AzureOfferId","value":"clitest000002"}],"isModularPublishing":true,"id":"8e9368ff-1ed1-44ed-824d-e70517c47440"}]}'
    headers:
      content-type:
      - application/json; charset=utf-8
      date:
      - Thu, 11 Jan 2024 19:20:50 GMT
      request-id:
      - 9de834c8-ccff-43fd-b17c-7024f458e863
      strict-transport-security:
      - max-age=31536000; includeSubDomains
      transfer-encoding:
      - chunked
      x-azure-ref:
      - 0kj+gZQAAAABJmSch8HSNR7rlNkF6sIrATU5aMjIxMDYwNjEzMDQ3ADIyMTBkMjhhLTUzYmItNDExNi1hOGM1LWU4ZjhiNDUxYmM4Yw==
      x-cache:
      - CONFIG_NOCACHE
    status:
      code: 200
      message: OK
- request:
    body: '{"resourceType": "AzureSkuVariant", "friendlyName": "plantest-000003name",
      "externalID": "plantest-000003", "SubType": "managed-application"}'
    headers:
      Accept:
      - application/json
      Content-Type:
      - application/json
      If-Match:
      - '*'
      User-Agent:
      - OpenAPI-Generator/v1/python
    method: POST
    uri: https://api.partner.microsoft.com/v1.0/ingestion/products/8e9368ff-1ed1-44ed-824d-e70517c47440/variants
  response:
    body:
      string: '{"resourceType":"AzureSkuVariant","state":"Active","friendlyName":"plantest-000003name","conversionPaths":"*","externalID":"plantest-000003","certificationsAzureGovernment":[],"cloudAvailabilities":["public-azure"],"subType":"managed-application","extendedProperties":[],"@odata.etag":"\"7601addd-0000-0800-0000-65a03f930000\"","id":"fb5f85d9-81de-4c49-9b35-b9fab53be6b0"}'
    headers:
      content-type:
      - application/json; charset=utf-8
      date:
      - Thu, 11 Jan 2024 19:20:51 GMT
      etag:
      - '"7601addd-0000-0800-0000-65a03f930000"'
      location:
      - https://api.partner.microsoft.com/v1.0/ingestion/products/8e9368ff-1ed1-44ed-824d-e70517c47440/variants/fb5f85d9-81de-4c49-9b35-b9fab53be6b0
      request-id:
      - 8fe49d55-b1ac-4969-b31f-437d73e11322
      strict-transport-security:
      - max-age=31536000; includeSubDomains
      transfer-encoding:
      - chunked
      x-azure-ref:
      - 0kz+gZQAAAACqVKsx7IGLSq3T8ie0vbt0TU5aMjIxMDYwNjExMDIzADIyMTBkMjhhLTUzYmItNDExNi1hOGM1LWU4ZjhiNDUxYmM4Yw==
      x-cache:
      - CONFIG_NOCACHE
    status:
      code: 201
      message: Created
- request:
    body: null
    headers:
      Accept:
      - application/json
      If-Match:
      - '*'
      User-Agent:
      - OpenAPI-Generator/v1/python
    method: GET
    uri: https://api.partner.microsoft.com/v1.0/ingestion/products?%24filter=externalIDs%2FAny%28i%3Ai%2Ftype+eq+%27AzureOfferId%27+and+i%2Fvalue+eq+%27clitest000002%27%29
  response:
    body:
      string: '{"value":[{"resourceType":"AzureApplication","name":"clitest000002
        Alias","externalIDs":[{"type":"AzureOfferId","value":"clitest000002"}],"isModularPublishing":true,"id":"8e9368ff-1ed1-44ed-824d-e70517c47440"}]}'
    headers:
      content-type:
      - application/json; charset=utf-8
      date:
      - Thu, 11 Jan 2024 19:21:02 GMT
      request-id:
      - 4c5a2718-466c-4d03-a5a0-af3b377f4826
      strict-transport-security:
      - max-age=31536000; includeSubDomains
      transfer-encoding:
      - chunked
      x-azure-ref:
      - 0nj+gZQAAAAC3eFhqyEECT4qGhGpP5w7WTU5aMjIxMDYwNjEyMDM1ADIyMTBkMjhhLTUzYmItNDExNi1hOGM1LWU4ZjhiNDUxYmM4Yw==
      x-cache:
      - CONFIG_NOCACHE
    status:
      code: 200
      message: OK
- request:
    body: null
    headers:
      Accept:
      - application/json
      If-Match:
      - '*'
      User-Agent:
      - OpenAPI-Generator/v1/python
    method: GET
    uri: https://api.partner.microsoft.com/v1.0/ingestion/products/8e9368ff-1ed1-44ed-824d-e70517c47440/branches/getByModule(module=Listing)
  response:
    body:
      string: '{"value":[{"resourceType":"Branch","friendlyName":"Main","type":"Main","module":"Listing","currentDraftInstanceID":"8893884c-0da4-ebf0-2e48-e4c5d82d2150"},{"resourceType":"Branch","friendlyName":"Main","type":"Main","module":"Listing","currentDraftInstanceID":"bb461586-4253-d74b-59d7-14c0af7a3338","variantID":"testdrive"},{"resourceType":"Branch","friendlyName":"Main","type":"Main","module":"Listing","currentDraftInstanceID":"68b68eb5-ad37-2c5f-324f-1c1b2bb3e0ae","variantID":"fb5f85d9-81de-4c49-9b35-b9fab53be6b0"}]}'
    headers:
      content-type:
      - application/json; charset=utf-8
      date:
      - Thu, 11 Jan 2024 19:21:02 GMT
      request-id:
      - 69afa1ae-32e1-4320-a350-6889f0c977a4
      strict-transport-security:
      - max-age=31536000; includeSubDomains
      transfer-encoding:
      - chunked
      x-azure-ref:
      - 0nj+gZQAAAABVLumF0K1ZT4NSU9dMQ0Q3TU5aMjIxMDYwNjEyMDM1ADIyMTBkMjhhLTUzYmItNDExNi1hOGM1LWU4ZjhiNDUxYmM4Yw==
      x-cache:
      - CONFIG_NOCACHE
    status:
      code: 200
      message: OK
- request:
    body: null
    headers:
      Accept:
      - application/json
      If-Match:
      - '*'
      User-Agent:
      - OpenAPI-Generator/v1/python
    method: GET
    uri: https://api.partner.microsoft.com/v1.0/ingestion/products?%24filter=externalIDs%2FAny%28i%3Ai%2Ftype+eq+%27AzureOfferId%27+and+i%2Fvalue+eq+%27clitest000002%27%29
  response:
    body:
      string: '{"value":[{"resourceType":"AzureApplication","name":"clitest000002
        Alias","externalIDs":[{"type":"AzureOfferId","value":"clitest000002"}],"isModularPublishing":true,"id":"8e9368ff-1ed1-44ed-824d-e70517c47440"}]}'
    headers:
      content-type:
      - application/json; charset=utf-8
      date:
      - Thu, 11 Jan 2024 19:21:03 GMT
      request-id:
      - 78b8faca-cfbf-4554-88f7-ff7814d40d61
      strict-transport-security:
      - max-age=31536000; includeSubDomains
      transfer-encoding:
      - chunked
      x-azure-ref:
      - 0nz+gZQAAAAAYX2M1zGjUSrxVHco/UGj4TU5aMjIxMDYwNjEyMDM1ADIyMTBkMjhhLTUzYmItNDExNi1hOGM1LWU4ZjhiNDUxYmM4Yw==
      x-cache:
      - CONFIG_NOCACHE
    status:
      code: 200
      message: OK
- request:
    body: null
    headers:
      Accept:
      - application/json
      If-Match:
      - '*'
      User-Agent:
      - OpenAPI-Generator/v1/python
    method: GET
    uri: https://api.partner.microsoft.com/v1.0/ingestion/products/8e9368ff-1ed1-44ed-824d-e70517c47440/variants
  response:
    body:
      string: '{"value":[{"resourceType":"AzureTestDriveVariant","state":"Inactive","@odata.etag":"\"7601d2d5-0000-0800-0000-65a03f860000\"","id":"testdrive"},{"resourceType":"AzureSkuVariant","state":"Active","friendlyName":"plantest-000003name","conversionPaths":"*","externalID":"plantest-000003","certificationsAzureGovernment":[],"cloudAvailabilities":["public-azure"],"subType":"managed-application","extendedProperties":[],"@odata.etag":"\"7601addd-0000-0800-0000-65a03f930000\"","id":"fb5f85d9-81de-4c49-9b35-b9fab53be6b0"}]}'
    headers:
      content-type:
      - application/json; charset=utf-8
      date:
      - Thu, 11 Jan 2024 19:21:03 GMT
      request-id:
      - 2a562bc8-808b-429d-8733-7837a5684cbc
      strict-transport-security:
      - max-age=31536000; includeSubDomains
      transfer-encoding:
      - chunked
      x-azure-ref:
      - 0nz+gZQAAAABjOOPqmd97SZj6zRso4ydZTU5aMjIxMDYwNjEyMDM1ADIyMTBkMjhhLTUzYmItNDExNi1hOGM1LWU4ZjhiNDUxYmM4Yw==
      x-cache:
      - CONFIG_NOCACHE
    status:
      code: 200
      message: OK
- request:
    body: null
    headers:
      Accept:
      - application/json
      If-Match:
      - '*'
      User-Agent:
      - OpenAPI-Generator/v1/python
    method: GET
    uri: https://api.partner.microsoft.com/v1.0/ingestion/products/8e9368ff-1ed1-44ed-824d-e70517c47440/listings/getByInstanceID(instanceID=68b68eb5-ad37-2c5f-324f-1c1b2bb3e0ae)
  response:
    body:
      string: '{"value":[{"resourceType":"AzureListing","listingUris":[],"listingContacts":[],"gettingStartedInstructions":"","languageCode":"en-us","title":"plantest-000003name","keywords":[],"@odata.etag":"\"48002d0f-0000-0800-0000-65a03f960000\"","id":"e5127fe0-d673-ffbe-c06f-9d818096643f"}]}'
    headers:
      content-type:
      - application/json; charset=utf-8
      date:
      - Thu, 11 Jan 2024 19:21:03 GMT
      request-id:
      - b5756a36-2124-4a00-9a5a-e339fe2fe790
      strict-transport-security:
      - max-age=31536000; includeSubDomains
      transfer-encoding:
      - chunked
      x-azure-ref:
      - 0oD+gZQAAAAAtW03d8prsS40oD1EFhGZ5TU5aMjIxMDYwNjEyMDM1ADIyMTBkMjhhLTUzYmItNDExNi1hOGM1LWU4ZjhiNDUxYmM4Yw==
      x-cache:
      - CONFIG_NOCACHE
    status:
      code: 200
      message: OK
- request:
    body: null
    headers:
      Accept:
      - application/json
      If-Match:
      - '*'
      User-Agent:
      - OpenAPI-Generator/v1/python
    method: GET
    uri: https://api.partner.microsoft.com/v1.0/ingestion/products?%24filter=externalIDs%2FAny%28i%3Ai%2Ftype+eq+%27AzureOfferId%27+and+i%2Fvalue+eq+%27clitest000002%27%29
  response:
    body:
      string: '{"value":[{"resourceType":"AzureApplication","name":"clitest000002
        Alias","externalIDs":[{"type":"AzureOfferId","value":"clitest000002"}],"isModularPublishing":true,"id":"8e9368ff-1ed1-44ed-824d-e70517c47440"}]}'
    headers:
      content-type:
      - application/json; charset=utf-8
      date:
      - Thu, 11 Jan 2024 19:21:04 GMT
      request-id:
      - 03c5c978-b601-4f31-aa82-b32895d1e8d9
      strict-transport-security:
      - max-age=31536000; includeSubDomains
      transfer-encoding:
      - chunked
      x-azure-ref:
      - 0oD+gZQAAAACf8RT5SbiPS5PaC8hBadPJTU5aMjIxMDYwNjEyMDM1ADIyMTBkMjhhLTUzYmItNDExNi1hOGM1LWU4ZjhiNDUxYmM4Yw==
      x-cache:
      - CONFIG_NOCACHE
    status:
      code: 200
      message: OK
- request:
    body: null
    headers:
      Accept:
      - application/json
      If-Match:
      - '*'
      User-Agent:
      - OpenAPI-Generator/v1/python
    method: GET
    uri: https://api.partner.microsoft.com/v1.0/ingestion/products/8e9368ff-1ed1-44ed-824d-e70517c47440/branches/getByModule(module=Listing)
  response:
    body:
      string: '{"value":[{"resourceType":"Branch","friendlyName":"Main","type":"Main","module":"Listing","currentDraftInstanceID":"8893884c-0da4-ebf0-2e48-e4c5d82d2150"},{"resourceType":"Branch","friendlyName":"Main","type":"Main","module":"Listing","currentDraftInstanceID":"bb461586-4253-d74b-59d7-14c0af7a3338","variantID":"testdrive"},{"resourceType":"Branch","friendlyName":"Main","type":"Main","module":"Listing","currentDraftInstanceID":"68b68eb5-ad37-2c5f-324f-1c1b2bb3e0ae","variantID":"fb5f85d9-81de-4c49-9b35-b9fab53be6b0"}]}'
    headers:
      content-type:
      - application/json; charset=utf-8
      date:
      - Thu, 11 Jan 2024 19:21:04 GMT
      request-id:
      - a68e522a-71f5-48cc-9a87-9053ee1d1678
      strict-transport-security:
      - max-age=31536000; includeSubDomains
      transfer-encoding:
      - chunked
      x-azure-ref:
      - 0oD+gZQAAAABXAyvQVnr8TavsSYE6leYSTU5aMjIxMDYwNjExMDIzADIyMTBkMjhhLTUzYmItNDExNi1hOGM1LWU4ZjhiNDUxYmM4Yw==
      x-cache:
      - CONFIG_NOCACHE
    status:
      code: 200
      message: OK
- request:
    body: null
    headers:
      Accept:
      - application/json
      If-Match:
      - '*'
      User-Agent:
      - OpenAPI-Generator/v1/python
    method: GET
    uri: https://api.partner.microsoft.com/v1.0/ingestion/products?%24filter=externalIDs%2FAny%28i%3Ai%2Ftype+eq+%27AzureOfferId%27+and+i%2Fvalue+eq+%27clitest000002%27%29
  response:
    body:
      string: '{"value":[{"resourceType":"AzureApplication","name":"clitest000002
        Alias","externalIDs":[{"type":"AzureOfferId","value":"clitest000002"}],"isModularPublishing":true,"id":"8e9368ff-1ed1-44ed-824d-e70517c47440"}]}'
    headers:
      content-type:
      - application/json; charset=utf-8
      date:
      - Thu, 11 Jan 2024 19:21:04 GMT
      request-id:
      - 39b98b82-a576-4d0b-a105-d11d0710cf09
      strict-transport-security:
      - max-age=31536000; includeSubDomains
      transfer-encoding:
      - chunked
      x-azure-ref:
      - 0oT+gZQAAAAB5Ivuqg1tKRqBuP+XFwpdETU5aMjIxMDYwNjExMDIzADIyMTBkMjhhLTUzYmItNDExNi1hOGM1LWU4ZjhiNDUxYmM4Yw==
      x-cache:
      - CONFIG_NOCACHE
    status:
      code: 200
      message: OK
- request:
    body: null
    headers:
      Accept:
      - application/json
      If-Match:
      - '*'
      User-Agent:
      - OpenAPI-Generator/v1/python
    method: GET
    uri: https://api.partner.microsoft.com/v1.0/ingestion/products/8e9368ff-1ed1-44ed-824d-e70517c47440/variants
  response:
    body:
      string: '{"value":[{"resourceType":"AzureTestDriveVariant","state":"Inactive","@odata.etag":"\"7601d2d5-0000-0800-0000-65a03f860000\"","id":"testdrive"},{"resourceType":"AzureSkuVariant","state":"Active","friendlyName":"plantest-000003name","conversionPaths":"*","externalID":"plantest-000003","certificationsAzureGovernment":[],"cloudAvailabilities":["public-azure"],"subType":"managed-application","extendedProperties":[],"@odata.etag":"\"7601addd-0000-0800-0000-65a03f930000\"","id":"fb5f85d9-81de-4c49-9b35-b9fab53be6b0"}]}'
    headers:
      content-type:
      - application/json; charset=utf-8
      date:
      - Thu, 11 Jan 2024 19:21:05 GMT
      request-id:
      - 79383613-0779-4191-8cc7-313be9e7d68a
      strict-transport-security:
      - max-age=31536000; includeSubDomains
      transfer-encoding:
      - chunked
      x-azure-ref:
      - 0oT+gZQAAAACcg7uUOHVASJDb0tVRbISCTU5aMjIxMDYwNjExMDIzADIyMTBkMjhhLTUzYmItNDExNi1hOGM1LWU4ZjhiNDUxYmM4Yw==
      x-cache:
      - CONFIG_NOCACHE
    status:
      code: 200
      message: OK
- request:
    body: null
    headers:
      Accept:
      - application/json
      If-Match:
      - '*'
      User-Agent:
      - OpenAPI-Generator/v1/python
    method: GET
    uri: https://api.partner.microsoft.com/v1.0/ingestion/products/8e9368ff-1ed1-44ed-824d-e70517c47440/listings/getByInstanceID(instanceID=68b68eb5-ad37-2c5f-324f-1c1b2bb3e0ae)
  response:
    body:
      string: '{"value":[{"resourceType":"AzureListing","listingUris":[],"listingContacts":[],"gettingStartedInstructions":"","languageCode":"en-us","title":"plantest-000003name","keywords":[],"@odata.etag":"\"48002d0f-0000-0800-0000-65a03f960000\"","id":"e5127fe0-d673-ffbe-c06f-9d818096643f"}]}'
    headers:
      content-type:
      - application/json; charset=utf-8
      date:
      - Thu, 11 Jan 2024 19:21:05 GMT
      request-id:
      - dfbe9334-95df-408a-858c-23ccf2b97238
      strict-transport-security:
      - max-age=31536000; includeSubDomains
      transfer-encoding:
      - chunked
      x-azure-ref:
      - 0oj+gZQAAAAAr7Da30rWAQYUxPLJ6yyjETU5aMjIxMDYwNjExMDIzADIyMTBkMjhhLTUzYmItNDExNi1hOGM1LWU4ZjhiNDUxYmM4Yw==
      x-cache:
      - CONFIG_NOCACHE
    status:
      code: 200
      message: OK
- request:
    body: '{"resourceType": "AzureListing", "listingUris": [], "listingContacts":
      [], "gettingStartedInstructions": "", "languageCode": "en-us", "title": "plantest-000003name",
      "keywords": [], "@odata.etag": "\"48002d0f-0000-0800-0000-65a03f960000\"", "ID":
      "e5127fe0-d673-ffbe-c06f-9d818096643f", "shortDescription": "Unreal Cloud DDC
      for Unreal Engine game development.", "description": "Unreal Cloud DDC for Unreal
      Engine game development."}'
    headers:
      Accept:
      - application/json
      Content-Type:
      - application/json
      If-Match:
      - '*'
      User-Agent:
      - OpenAPI-Generator/v1/python
    method: PUT
    uri: https://api.partner.microsoft.com/v1.0/ingestion/products/8e9368ff-1ed1-44ed-824d-e70517c47440/listings/e5127fe0-d673-ffbe-c06f-9d818096643f
  response:
    body:
      string: '{"resourceType":"AzureListing","listingUris":[],"listingContacts":[],"gettingStartedInstructions":"","languageCode":"en-us","title":"plantest-000003name","description":"Unreal
        Cloud DDC for Unreal Engine game development.","shortDescription":"Unreal
        Cloud DDC for Unreal Engine game development.","keywords":[],"@odata.etag":"\"4800ae11-0000-0800-0000-65a03fa20000\"","id":"e5127fe0-d673-ffbe-c06f-9d818096643f"}'
    headers:
      content-type:
      - application/json; charset=utf-8
      date:
      - Thu, 11 Jan 2024 19:21:05 GMT
      etag:
      - '"4800ae11-0000-0800-0000-65a03fa20000"'
      request-id:
      - ba7193ee-b72b-4de9-a7fe-afc188b128d5
      strict-transport-security:
      - max-age=31536000; includeSubDomains
      transfer-encoding:
      - chunked
      x-azure-ref:
      - 0oj+gZQAAAABUM1UBxbKzTJMtteGFlJyTTU5aMjIxMDYwNjExMDIzADIyMTBkMjhhLTUzYmItNDExNi1hOGM1LWU4ZjhiNDUxYmM4Yw==
      x-cache:
      - CONFIG_NOCACHE
    status:
      code: 200
      message: OK
version: 1
